2025-12-27T14:34:44.4696555Z Current runner version: '2.330.0'
2025-12-27T14:34:44.4728558Z ##[group]Runner Image Provisioner
2025-12-27T14:34:44.4729697Z Hosted Compute Agent
2025-12-27T14:34:44.4730540Z Version: 20251211.462
2025-12-27T14:34:44.4731550Z Commit: 6cbad8c2bb55d58165063d031ccabf57e2d2db61
2025-12-27T14:34:44.4732702Z Build Date: 2025-12-11T16:28:49Z
2025-12-27T14:34:44.4733969Z Worker ID: {9065d477-ed5f-4de9-a0c4-be44a55e5928}
2025-12-27T14:34:44.4735166Z ##[endgroup]
2025-12-27T14:34:44.4736025Z ##[group]Operating System
2025-12-27T14:34:44.4736869Z Ubuntu
2025-12-27T14:34:44.4737756Z 24.04.3
2025-12-27T14:34:44.4738516Z LTS
2025-12-27T14:34:44.4739289Z ##[endgroup]
2025-12-27T14:34:44.4740135Z ##[group]Runner Image
2025-12-27T14:34:44.4741250Z Image: ubuntu-24.04
2025-12-27T14:34:44.4742164Z Version: 20251215.174.1
2025-12-27T14:34:44.4744189Z Included Software: https://github.com/actions/runner-images/blob/ubuntu24/20251215.174/images/ubuntu/Ubuntu2404-Readme.md
2025-12-27T14:34:44.4747004Z Image Release: https://github.com/actions/runner-images/releases/tag/ubuntu24%2F20251215.174
2025-12-27T14:34:44.4748771Z ##[endgroup]
2025-12-27T14:34:44.4750505Z ##[group]GITHUB_TOKEN Permissions
2025-12-27T14:34:44.4753112Z Contents: read
2025-12-27T14:34:44.4754252Z Metadata: read
2025-12-27T14:34:44.4755062Z Packages: read
2025-12-27T14:34:44.4755833Z ##[endgroup]
2025-12-27T14:34:44.4758971Z Secret source: Actions
2025-12-27T14:34:44.4760000Z Prepare workflow directory
2025-12-27T14:34:44.5469707Z Prepare all required actions
2025-12-27T14:34:44.5614570Z Getting action download info
2025-12-27T14:34:44.9782579Z Download action repository 'actions/checkout@v4' (SHA:34e114876b0b11c390a56381ad16ebd13914f8d5)
2025-12-27T14:34:45.0959595Z Download action repository 'astral-sh/setup-uv@v4' (SHA:38f3f104447c67c051c4a08e39b64a148898af3a)
2025-12-27T14:34:45.4962114Z Complete job name: Backend Lint
2025-12-27T14:34:45.5609632Z ##[group]Run actions/checkout@v4
2025-12-27T14:34:45.5610440Z with:
2025-12-27T14:34:45.5610834Z   repository: seethroughlab/familliar
2025-12-27T14:34:45.5611506Z   token: ***
2025-12-27T14:34:45.5611879Z   ssh-strict: true
2025-12-27T14:34:45.5612263Z   ssh-user: git
2025-12-27T14:34:45.5612649Z   persist-credentials: true
2025-12-27T14:34:45.5613081Z   clean: true
2025-12-27T14:34:45.5613702Z   sparse-checkout-cone-mode: true
2025-12-27T14:34:45.5614322Z   fetch-depth: 1
2025-12-27T14:34:45.5614694Z   fetch-tags: false
2025-12-27T14:34:45.5615087Z   show-progress: true
2025-12-27T14:34:45.5615467Z   lfs: false
2025-12-27T14:34:45.5615829Z   submodules: false
2025-12-27T14:34:45.5616221Z   set-safe-directory: true
2025-12-27T14:34:45.5616955Z ##[endgroup]
2025-12-27T14:34:45.6697416Z Syncing repository: seethroughlab/familliar
2025-12-27T14:34:45.6699146Z ##[group]Getting Git version info
2025-12-27T14:34:45.6699918Z Working directory is '/home/runner/work/familliar/familliar'
2025-12-27T14:34:45.6701476Z [command]/usr/bin/git version
2025-12-27T14:34:45.6771217Z git version 2.52.0
2025-12-27T14:34:45.6797286Z ##[endgroup]
2025-12-27T14:34:45.6812452Z Temporarily overriding HOME='/home/runner/work/_temp/52958257-a520-4ec3-83dc-02882a1e3a8b' before making global git config changes
2025-12-27T14:34:45.6816283Z Adding repository directory to the temporary git global config as a safe directory
2025-12-27T14:34:45.6819404Z [command]/usr/bin/git config --global --add safe.directory /home/runner/work/familliar/familliar
2025-12-27T14:34:45.6867325Z Deleting the contents of '/home/runner/work/familliar/familliar'
2025-12-27T14:34:45.6872241Z ##[group]Initializing the repository
2025-12-27T14:34:45.6877971Z [command]/usr/bin/git init /home/runner/work/familliar/familliar
2025-12-27T14:34:45.6999496Z hint: Using 'master' as the name for the initial branch. This default branch name
2025-12-27T14:34:45.7001120Z hint: will change to "main" in Git 3.0. To configure the initial branch name
2025-12-27T14:34:45.7002597Z hint: to use in all of your new repositories, which will suppress this warning,
2025-12-27T14:34:45.7004083Z hint: call:
2025-12-27T14:34:45.7005063Z hint:
2025-12-27T14:34:45.7005807Z hint: 	git config --global init.defaultBranch <name>
2025-12-27T14:34:45.7006683Z hint:
2025-12-27T14:34:45.7007506Z hint: Names commonly chosen instead of 'master' are 'main', 'trunk' and
2025-12-27T14:34:45.7008960Z hint: 'development'. The just-created branch can be renamed via this command:
2025-12-27T14:34:45.7010116Z hint:
2025-12-27T14:34:45.7010762Z hint: 	git branch -m <name>
2025-12-27T14:34:45.7011482Z hint:
2025-12-27T14:34:45.7012412Z hint: Disable this message with "git config set advice.defaultBranchName false"
2025-12-27T14:34:45.7014130Z Initialized empty Git repository in /home/runner/work/familliar/familliar/.git/
2025-12-27T14:34:45.7017622Z [command]/usr/bin/git remote add origin https://github.com/seethroughlab/familliar
2025-12-27T14:34:45.7052005Z ##[endgroup]
2025-12-27T14:34:45.7053198Z ##[group]Disabling automatic garbage collection
2025-12-27T14:34:45.7055814Z [command]/usr/bin/git config --local gc.auto 0
2025-12-27T14:34:45.7087113Z ##[endgroup]
2025-12-27T14:34:45.7088443Z ##[group]Setting up auth
2025-12-27T14:34:45.7093868Z [command]/usr/bin/git config --local --name-only --get-regexp core\.sshCommand
2025-12-27T14:34:45.7124734Z [command]/usr/bin/git submodule foreach --recursive sh -c "git config --local --name-only --get-regexp 'core\.sshCommand' && git config --local --unset-all 'core.sshCommand' || :"
2025-12-27T14:34:45.7441271Z [command]/usr/bin/git config --local --name-only --get-regexp http\.https\:\/\/github\.com\/\.extraheader
2025-12-27T14:34:45.7472620Z [command]/usr/bin/git submodule foreach --recursive sh -c "git config --local --name-only --get-regexp 'http\.https\:\/\/github\.com\/\.extraheader' && git config --local --unset-all 'http.https://github.com/.extraheader' || :"
2025-12-27T14:34:45.7696087Z [command]/usr/bin/git config --local --name-only --get-regexp ^includeIf\.gitdir:
2025-12-27T14:34:45.7727227Z [command]/usr/bin/git submodule foreach --recursive git config --local --show-origin --name-only --get-regexp remote.origin.url
2025-12-27T14:34:45.7959975Z [command]/usr/bin/git config --local http.https://github.com/.extraheader AUTHORIZATION: basic ***
2025-12-27T14:34:45.7994950Z ##[endgroup]
2025-12-27T14:34:45.7997257Z ##[group]Fetching the repository
2025-12-27T14:34:45.8005092Z [command]/usr/bin/git -c protocol.version=2 fetch --no-tags --prune --no-recurse-submodules --depth=1 origin +9e620735d9316a823ce6525f26c3d3bd4e7ac5be:refs/remotes/origin/master
2025-12-27T14:34:46.0738859Z From https://github.com/seethroughlab/familliar
2025-12-27T14:34:46.0741448Z  * [new ref]         9e620735d9316a823ce6525f26c3d3bd4e7ac5be -> origin/master
2025-12-27T14:34:46.0773021Z ##[endgroup]
2025-12-27T14:34:46.0774642Z ##[group]Determining the checkout info
2025-12-27T14:34:46.0776306Z ##[endgroup]
2025-12-27T14:34:46.0780424Z [command]/usr/bin/git sparse-checkout disable
2025-12-27T14:34:46.0822049Z [command]/usr/bin/git config --local --unset-all extensions.worktreeConfig
2025-12-27T14:34:46.0851968Z ##[group]Checking out the ref
2025-12-27T14:34:46.0855441Z [command]/usr/bin/git checkout --progress --force -B master refs/remotes/origin/master
2025-12-27T14:34:46.1030432Z Reset branch 'master'
2025-12-27T14:34:46.1034926Z branch 'master' set up to track 'origin/master'.
2025-12-27T14:34:46.1043860Z ##[endgroup]
2025-12-27T14:34:46.1078198Z [command]/usr/bin/git log -1 --format=%H
2025-12-27T14:34:46.1100690Z 9e620735d9316a823ce6525f26c3d3bd4e7ac5be
2025-12-27T14:34:46.1331060Z ##[group]Run astral-sh/setup-uv@v4
2025-12-27T14:34:46.1331664Z with:
2025-12-27T14:34:46.1332091Z   version: latest
2025-12-27T14:34:46.1332734Z   github-token: ***
2025-12-27T14:34:46.1333193Z   enable-cache: false
2025-12-27T14:34:46.1334022Z   cache-dependency-glob: **/uv.lock
2025-12-27T14:34:46.1334599Z   prune-cache: true
2025-12-27T14:34:46.1335087Z   ignore-nothing-to-cache: false
2025-12-27T14:34:46.1335606Z ##[endgroup]
2025-12-27T14:34:46.5879302Z Downloading uv from "https://github.com/astral-sh/uv/releases/download/0.9.18/uv-x86_64-unknown-linux-gnu.tar.gz" ...
2025-12-27T14:34:47.0390244Z [command]/usr/bin/tar xz --warning=no-unknown-keyword --overwrite -C /home/runner/work/_temp/b782bed2-9ff4-4657-b78c-2db972f037bc -f /home/runner/work/_temp/fd42f4c9-9dcb-4009-b0e3-ff8173e514db
2025-12-27T14:34:47.5291404Z Added /opt/hostedtoolcache/uv/0.9.18/x86_64 to the path
2025-12-27T14:34:47.5292044Z Added /home/runner/.local/bin to the path
2025-12-27T14:34:47.5309509Z Set UV_CACHE_DIR to /home/runner/work/_temp/setup-uv-cache
2025-12-27T14:34:47.5310091Z Successfully installed uv version 0.9.18
2025-12-27T14:34:47.5433236Z ##[group]Run uv python install 3.12
2025-12-27T14:34:47.5433924Z [36;1muv python install 3.12[0m
2025-12-27T14:34:47.5472748Z shell: /usr/bin/bash -e {0}
2025-12-27T14:34:47.5473010Z env:
2025-12-27T14:34:47.5473231Z   UV_CACHE_DIR: /home/runner/work/_temp/setup-uv-cache
2025-12-27T14:34:47.5473789Z ##[endgroup]
2025-12-27T14:34:47.6367590Z Downloading cpython-3.12.12-linux-x86_64-gnu (download) (31.7MiB)
2025-12-27T14:34:48.5517822Z  Downloaded cpython-3.12.12-linux-x86_64-gnu (download)
2025-12-27T14:34:48.5571893Z Installed Python 3.12.12 in 995ms
2025-12-27T14:34:48.5572866Z  + cpython-3.12.12-linux-x86_64-gnu (python3.12)
2025-12-27T14:34:48.5632479Z ##[group]Run uv sync --all-extras
2025-12-27T14:34:48.5632793Z [36;1muv sync --all-extras[0m
2025-12-27T14:34:48.5668249Z shell: /usr/bin/bash -e {0}
2025-12-27T14:34:48.5668486Z env:
2025-12-27T14:34:48.5668708Z   UV_CACHE_DIR: /home/runner/work/_temp/setup-uv-cache
2025-12-27T14:34:48.5668987Z ##[endgroup]
2025-12-27T14:34:48.7383069Z Using CPython 3.12.12
2025-12-27T14:34:48.7385851Z Creating virtual environment at: .venv
2025-12-27T14:34:48.7482257Z Resolved 134 packages in 0.63ms
2025-12-27T14:34:48.7671388Z    Building familiar @ file:///home/runner/work/familliar/familliar/backend
2025-12-27T14:34:48.7921034Z Downloading pillow (6.7MiB)
2025-12-27T14:34:48.7955601Z Downloading networkx (2.0MiB)
2025-12-27T14:34:48.7958507Z Downloading setuptools (1.1MiB)
2025-12-27T14:34:48.7959035Z Downloading nvidia-cudnn-cu12 (674.0MiB)
2025-12-27T14:34:48.7959570Z Downloading nvidia-cusolver-cu12 (255.1MiB)
2025-12-27T14:34:48.8090496Z Downloading lxml (5.0MiB)
2025-12-27T14:34:48.8099156Z Downloading sympy (6.0MiB)
2025-12-27T14:34:48.8107056Z Downloading pygments (1.2MiB)
2025-12-27T14:34:48.8114378Z Downloading pydantic-core (2.0MiB)
2025-12-27T14:34:48.8121555Z Downloading nvidia-cusparse-cu12 (274.9MiB)
2025-12-27T14:34:48.8134867Z Downloading nvidia-nccl-cu12 (307.4MiB)
2025-12-27T14:34:48.8151271Z Downloading nvidia-cublas-cu12 (566.8MiB)
2025-12-27T14:34:48.8154244Z Downloading psycopg2-binary (4.0MiB)
2025-12-27T14:34:48.8157766Z Downloading nvidia-nvshmem-cu12 (118.9MiB)
2025-12-27T14:34:48.8159927Z Downloading torch (858.1MiB)
2025-12-27T14:34:48.8162213Z Downloading nvidia-cuda-nvrtc-cu12 (84.0MiB)
2025-12-27T14:34:48.8174718Z Downloading transformers (11.4MiB)
2025-12-27T14:34:48.8176715Z Downloading nvidia-cufft-cu12 (184.2MiB)
2025-12-27T14:34:48.8177418Z Downloading nvidia-nvjitlink-cu12 (37.4MiB)
2025-12-27T14:34:48.8180186Z Downloading soundfile (1.3MiB)
2025-12-27T14:34:48.8180621Z Downloading tokenizers (3.1MiB)
2025-12-27T14:34:48.8185238Z Downloading nvidia-cuda-cupti-cu12 (9.8MiB)
2025-12-27T14:34:48.8188387Z Downloading nvidia-cufile-cu12 (1.1MiB)
2025-12-27T14:34:48.8191614Z Downloading sqlalchemy (3.2MiB)
2025-12-27T14:34:48.8195609Z Downloading ruff (13.6MiB)
2025-12-27T14:34:48.8201839Z Downloading scipy (34.0MiB)
2025-12-27T14:34:48.8213423Z Downloading nvidia-curand-cu12 (60.7MiB)
2025-12-27T14:34:48.8214811Z Downloading nvidia-cusparselt-cu12 (273.9MiB)
2025-12-27T14:34:48.8215805Z Downloading hf-xet (3.2MiB)
2025-12-27T14:34:48.8217507Z Downloading rapidfuzz (3.0MiB)
2025-12-27T14:34:48.8221845Z Downloading triton (162.6MiB)
2025-12-27T14:34:48.8226616Z Downloading uvloop (4.2MiB)
2025-12-27T14:34:48.8229248Z Downloading numpy (15.8MiB)
2025-12-27T14:34:48.8233084Z Downloading scikit-learn (8.5MiB)
2025-12-27T14:34:48.8237883Z Downloading asyncpg (3.4MiB)
2025-12-27T14:34:48.8241072Z Downloading mypy (13.0MiB)
2025-12-27T14:34:48.8245164Z Downloading llvmlite (53.7MiB)
2025-12-27T14:34:48.8249139Z Downloading numba (3.6MiB)
2025-12-27T14:34:49.6794382Z  Downloaded nvidia-cufile-cu12
2025-12-27T14:34:49.7190625Z  Downloaded soundfile
2025-12-27T14:34:49.8932816Z    Building demjson3==3.0.6
2025-12-27T14:34:50.1012333Z  Downloaded pydantic-core
2025-12-27T14:34:50.2471560Z  Downloaded pygments
2025-12-27T14:34:50.2814227Z    Building pyacoustid==1.3.0
2025-12-27T14:34:50.4362852Z    Building bandcamp-api==0.2.3
2025-12-27T14:34:50.8092498Z  Downloaded tokenizers
2025-12-27T14:34:50.8260164Z  Downloaded hf-xet
2025-12-27T14:34:50.8435486Z  Downloaded rapidfuzz
2025-12-27T14:34:50.9034846Z  Downloaded setuptools
2025-12-27T14:34:50.9499883Z  Downloaded asyncpg
2025-12-27T14:34:51.0959264Z  Downloaded sqlalchemy
2025-12-27T14:34:51.4359783Z  Downloaded networkx
2025-12-27T14:34:51.4734311Z       Built familiar @ file:///home/runner/work/familliar/familliar/backend
2025-12-27T14:34:51.6292379Z  Downloaded psycopg2-binary
2025-12-27T14:34:52.2220949Z  Downloaded uvloop
2025-12-27T14:34:52.5036672Z  Downloaded numba
2025-12-27T14:34:52.7294784Z  Downloaded lxml
2025-12-27T14:34:53.0138339Z       Built demjson3==3.0.6
2025-12-27T14:34:53.0207483Z       Built bandcamp-api==0.2.3
2025-12-27T14:34:53.0215056Z       Built pyacoustid==1.3.0
2025-12-27T14:34:53.8332849Z  Downloaded pillow
2025-12-27T14:34:54.4719214Z  Downloaded scikit-learn
2025-12-27T14:34:54.7574630Z  Downloaded nvidia-cuda-cupti-cu12
2025-12-27T14:34:54.7662483Z  Downloaded sympy
2025-12-27T14:34:55.8468851Z  Downloaded ruff
2025-12-27T14:34:56.2825257Z  Downloaded transformers
2025-12-27T14:34:56.2992906Z  Downloaded numpy
2025-12-27T14:34:57.7235614Z  Downloaded mypy
2025-12-27T14:34:59.8552044Z  Downloaded nvidia-nvjitlink-cu12
2025-12-27T14:35:00.9569942Z  Downloaded scipy
2025-12-27T14:35:01.7765595Z  Downloaded llvmlite
2025-12-27T14:35:02.2757807Z  Downloaded nvidia-curand-cu12
2025-12-27T14:35:04.2661930Z  Downloaded nvidia-cuda-nvrtc-cu12
2025-12-27T14:35:06.9079091Z  Downloaded nvidia-nvshmem-cu12
2025-12-27T14:35:10.7800406Z  Downloaded triton
2025-12-27T14:35:10.9690190Z  Downloaded nvidia-cufft-cu12
2025-12-27T14:35:14.0272368Z  Downloaded nvidia-cusolver-cu12
2025-12-27T14:35:14.4884020Z  Downloaded nvidia-cusparse-cu12
2025-12-27T14:35:14.8476934Z  Downloaded nvidia-cusparselt-cu12
2025-12-27T14:35:15.5632390Z  Downloaded nvidia-nccl-cu12
2025-12-27T14:35:19.0737749Z  Downloaded nvidia-cublas-cu12
2025-12-27T14:35:19.8725824Z  Downloaded nvidia-cudnn-cu12
2025-12-27T14:35:29.4054544Z  Downloaded torch
2025-12-27T14:35:29.4056947Z Prepared 128 packages in 40.65s
2025-12-27T14:35:30.2273717Z Installed 128 packages in 821ms
2025-12-27T14:35:30.2275764Z  + amqp==5.3.1
2025-12-27T14:35:30.2276724Z  + annotated-doc==0.0.4
2025-12-27T14:35:30.2277888Z  + annotated-types==0.7.0
2025-12-27T14:35:30.2278244Z  + anthropic==0.75.0
2025-12-27T14:35:30.2278554Z  + anyio==4.12.0
2025-12-27T14:35:30.2278879Z  + asyncpg==0.31.0
2025-12-27T14:35:30.2279182Z  + audioread==3.1.0
2025-12-27T14:35:30.2279489Z  + bandcamp-api==0.2.3
2025-12-27T14:35:30.2282576Z  + beautifulsoup4==4.14.3
2025-12-27T14:35:30.2283025Z  + billiard==4.2.4
2025-12-27T14:35:30.2283322Z  + celery==5.6.0
2025-12-27T14:35:30.2283772Z  + certifi==2025.11.12
2025-12-27T14:35:30.2284082Z  + cffi==2.0.0
2025-12-27T14:35:30.2284392Z  + charset-normalizer==3.4.4
2025-12-27T14:35:30.2284741Z  + click==8.3.1
2025-12-27T14:35:30.2285049Z  + click-didyoumean==0.3.1
2025-12-27T14:35:30.2285403Z  + click-plugins==1.1.1.2
2025-12-27T14:35:30.2285746Z  + click-repl==0.3.0
2025-12-27T14:35:30.2286052Z  + decorator==5.2.1
2025-12-27T14:35:30.2286356Z  + demjson3==3.0.6
2025-12-27T14:35:30.2286647Z  + distro==1.9.0
2025-12-27T14:35:30.2286953Z  + docstring-parser==0.17.0
2025-12-27T14:35:30.2287326Z  + exceptiongroup==1.3.1
2025-12-27T14:35:30.2289074Z  + familiar==0.1.0 (from file:///home/runner/work/familliar/familliar/backend)
2025-12-27T14:35:30.2289923Z  + fastapi==0.127.0
2025-12-27T14:35:30.2290226Z  + filelock==3.20.1
2025-12-27T14:35:30.2290527Z  + fsspec==2025.12.0
2025-12-27T14:35:30.2290837Z  + greenlet==3.3.0
2025-12-27T14:35:30.2291120Z  + h11==0.16.0
2025-12-27T14:35:30.2291407Z  + hf-xet==1.2.0
2025-12-27T14:35:30.2291690Z  + html5lib==1.1
2025-12-27T14:35:30.2291985Z  + httpcore==1.0.9
2025-12-27T14:35:30.2292282Z  + httptools==0.7.1
2025-12-27T14:35:30.2292582Z  + httpx==0.28.1
2025-12-27T14:35:30.2292886Z  + huggingface-hub==0.36.0
2025-12-27T14:35:30.2293227Z  + idna==3.11
2025-12-27T14:35:30.2293649Z  + iniconfig==2.3.0
2025-12-27T14:35:30.2294017Z  + jinja2==3.1.6
2025-12-27T14:35:30.2294261Z  + jiter==0.12.0
2025-12-27T14:35:30.2294515Z  + joblib==1.5.3
2025-12-27T14:35:30.2294776Z  + kombu==5.6.1
2025-12-27T14:35:30.2295035Z  + lazy-loader==0.4
2025-12-27T14:35:30.2295309Z  + librosa==0.11.0
2025-12-27T14:35:30.2295574Z  + librt==0.7.4
2025-12-27T14:35:30.2295854Z  + llvmlite==0.46.0
2025-12-27T14:35:30.2296768Z  + lxml==6.0.2
2025-12-27T14:35:30.2297095Z  + markupsafe==3.0.3
2025-12-27T14:35:30.2297412Z  + mpmath==1.3.0
2025-12-27T14:35:30.2297720Z  + msgpack==1.1.2
2025-12-27T14:35:30.2298032Z  + musicbrainzngs==0.7.1
2025-12-27T14:35:30.2298660Z  + mutagen==1.47.0
2025-12-27T14:35:30.2298978Z  + mypy==1.19.1
2025-12-27T14:35:30.2299295Z  + mypy-extensions==1.1.0
2025-12-27T14:35:30.2299640Z  + networkx==3.6.1
2025-12-27T14:35:30.2299932Z  + numba==0.63.1
2025-12-27T14:35:30.2300223Z  + numpy==2.3.5
2025-12-27T14:35:30.2300528Z  + nvidia-cublas-cu12==12.8.4.1
2025-12-27T14:35:30.2300930Z  + nvidia-cuda-cupti-cu12==12.8.90
2025-12-27T14:35:30.2301340Z  + nvidia-cuda-nvrtc-cu12==12.8.93
2025-12-27T14:35:30.2301751Z  + nvidia-cuda-runtime-cu12==12.8.90
2025-12-27T14:35:30.2302157Z  + nvidia-cudnn-cu12==9.10.2.21
2025-12-27T14:35:30.2302531Z  + nvidia-cufft-cu12==11.3.3.83
2025-12-27T14:35:30.2302892Z  + nvidia-cufile-cu12==1.13.1.3
2025-12-27T14:35:30.2304716Z  + nvidia-curand-cu12==10.3.9.90
2025-12-27T14:35:30.2305169Z  + nvidia-cusolver-cu12==11.7.3.90
2025-12-27T14:35:30.2305684Z  + nvidia-cusparse-cu12==12.5.8.93
2025-12-27T14:35:30.2306083Z  + nvidia-cusparselt-cu12==0.7.1
2025-12-27T14:35:30.2306470Z  + nvidia-nccl-cu12==2.27.5
2025-12-27T14:35:30.2306846Z  + nvidia-nvjitlink-cu12==12.8.93
2025-12-27T14:35:30.2307246Z  + nvidia-nvshmem-cu12==3.3.20
2025-12-27T14:35:30.2307614Z  + nvidia-nvtx-cu12==12.8.90
2025-12-27T14:35:30.2307965Z  + packaging==25.0
2025-12-27T14:35:30.2308268Z  + pathspec==0.12.1
2025-12-27T14:35:30.2308578Z  + pgvector==0.4.2
2025-12-27T14:35:30.2308869Z  + pillow==12.0.0
2025-12-27T14:35:30.2309182Z  + platformdirs==4.5.1
2025-12-27T14:35:30.2309503Z  + pluggy==1.6.0
2025-12-27T14:35:30.2309784Z  + pooch==1.8.2
2025-12-27T14:35:30.2310096Z  + prompt-toolkit==3.0.52
2025-12-27T14:35:30.2310561Z  + psycopg2-binary==2.9.11
2025-12-27T14:35:30.2310918Z  + pyacoustid==1.3.0
2025-12-27T14:35:30.2311244Z  + pycparser==2.23
2025-12-27T14:35:30.2312176Z  + pydantic==2.12.5
2025-12-27T14:35:30.2312549Z  + pydantic-core==2.41.5
2025-12-27T14:35:30.2312981Z  + pydantic-settings==2.12.0
2025-12-27T14:35:30.2313372Z  + pygments==2.19.2
2025-12-27T14:35:30.2313914Z  + pytest==9.0.2
2025-12-27T14:35:30.2314821Z  + pytest-asyncio==1.3.0
2025-12-27T14:35:30.2315196Z  + python-dateutil==2.9.0.post0
2025-12-27T14:35:30.2315577Z  + python-dotenv==1.2.1
2025-12-27T14:35:30.2315917Z  + python-multipart==0.0.21
2025-12-27T14:35:30.2316263Z  + pyyaml==6.0.3
2025-12-27T14:35:30.2316558Z  + rapidfuzz==3.14.3
2025-12-27T14:35:30.2316866Z  + redis==6.4.0
2025-12-27T14:35:30.2317146Z  + regex==2025.11.3
2025-12-27T14:35:30.2317444Z  + requests==2.32.5
2025-12-27T14:35:30.2317728Z  + ruff==0.14.10
2025-12-27T14:35:30.2318031Z  + safetensors==0.7.0
2025-12-27T14:35:30.2318357Z  + scikit-learn==1.8.0
2025-12-27T14:35:30.2318664Z  + scipy==1.16.3
2025-12-27T14:35:30.2318960Z  + setuptools==80.9.0
2025-12-27T14:35:30.2319256Z  + six==1.17.0
2025-12-27T14:35:30.2319533Z  + sniffio==1.3.1
2025-12-27T14:35:30.2319825Z  + soundfile==0.13.1
2025-12-27T14:35:30.2320815Z  + soupsieve==2.8.1
2025-12-27T14:35:30.2321122Z  + soxr==1.0.0
2025-12-27T14:35:30.2321430Z  + spotipy==2.25.2
2025-12-27T14:35:30.2321633Z  + sqlalchemy==2.0.45
2025-12-27T14:35:30.2321818Z  + starlette==0.50.0
2025-12-27T14:35:30.2321990Z  + sympy==1.14.0
2025-12-27T14:35:30.2322160Z  + threadpoolctl==3.6.0
2025-12-27T14:35:30.2322345Z  + tokenizers==0.22.1
2025-12-27T14:35:30.2322512Z  + torch==2.9.1
2025-12-27T14:35:30.2322671Z  + tqdm==4.67.1
2025-12-27T14:35:30.2322830Z  + transformers==4.57.3
2025-12-27T14:35:30.2323008Z  + triton==3.5.1
2025-12-27T14:35:30.2323185Z  + typing-extensions==4.15.0
2025-12-27T14:35:30.2323403Z  + typing-inspection==0.4.2
2025-12-27T14:35:30.2323935Z  + tzdata==2025.3
2025-12-27T14:35:30.2324231Z  + tzlocal==5.3.1
2025-12-27T14:35:30.2324518Z  + urllib3==2.6.2
2025-12-27T14:35:30.2324798Z  + uvicorn==0.40.0
2025-12-27T14:35:30.2325094Z  + uvloop==0.22.1
2025-12-27T14:35:30.2325369Z  + vine==5.1.0
2025-12-27T14:35:30.2325623Z  + watchfiles==1.1.1
2025-12-27T14:35:30.2325903Z  + wcwidth==0.2.14
2025-12-27T14:35:30.2326159Z  + webencodings==0.5.1
2025-12-27T14:35:30.2326447Z  + websockets==15.0.1
2025-12-27T14:35:30.2776239Z ##[group]Run uv run ruff check .
2025-12-27T14:35:30.2776518Z [36;1muv run ruff check .[0m
2025-12-27T14:35:30.2888851Z shell: /usr/bin/bash -e {0}
2025-12-27T14:35:30.2889091Z env:
2025-12-27T14:35:30.2889312Z   UV_CACHE_DIR: /home/runner/work/_temp/setup-uv-cache
2025-12-27T14:35:30.2889593Z ##[endgroup]
2025-12-27T14:35:30.4627977Z F401 [*] `typing.Any` imported but unused
2025-12-27T14:35:30.4628473Z  --> app/api/deps.py:5:46
2025-12-27T14:35:30.4628800Z   |
2025-12-27T14:35:30.4629127Z 3 | from collections.abc import AsyncGenerator
2025-12-27T14:35:30.4629584Z 4 | from datetime import datetime
2025-12-27T14:35:30.4630040Z 5 | from typing import TYPE_CHECKING, Annotated, Any
2025-12-27T14:35:30.4630505Z   |                                              ^^^
2025-12-27T14:35:30.4630910Z 6 | from uuid import UUID
2025-12-27T14:35:30.4631217Z   |
2025-12-27T14:35:30.4631553Z help: Remove unused import: `typing.Any`
2025-12-27T14:35:30.4631848Z 
2025-12-27T14:35:30.4632052Z F401 [*] `typing.Any` imported but unused
2025-12-27T14:35:30.4632483Z  --> app/api/routes/library.py:4:20
2025-12-27T14:35:30.4632860Z   |
2025-12-27T14:35:30.4633138Z 3 | from pathlib import Path
2025-12-27T14:35:30.4633681Z 4 | from typing import Any
2025-12-27T14:35:30.4634022Z   |                    ^^^
2025-12-27T14:35:30.4634377Z 5 |
2025-12-27T14:35:30.4634862Z 6 | from fastapi import APIRouter, BackgroundTasks, File, HTTPException, UploadFile
2025-12-27T14:35:30.4635477Z   |
2025-12-27T14:35:30.4635771Z help: Remove unused import: `typing.Any`
2025-12-27T14:35:30.4636061Z 
2025-12-27T14:35:30.4636174Z Found 2 errors.
2025-12-27T14:35:30.4636490Z [*] 2 fixable with the `--fix` option.
2025-12-27T14:35:30.4684458Z ##[error]Process completed with exit code 1.
2025-12-27T14:35:30.4789968Z Post job cleanup.
2025-12-27T14:35:30.7117082Z [command]/usr/bin/git version
2025-12-27T14:35:30.7201047Z git version 2.52.0
2025-12-27T14:35:30.7271927Z Temporarily overriding HOME='/home/runner/work/_temp/b5df7033-1414-4d97-ba33-07f5b869cd3e' before making global git config changes
2025-12-27T14:35:30.7273775Z Adding repository directory to the temporary git global config as a safe directory
2025-12-27T14:35:30.7279500Z [command]/usr/bin/git config --global --add safe.directory /home/runner/work/familliar/familliar
2025-12-27T14:35:30.7352142Z [command]/usr/bin/git config --local --name-only --get-regexp core\.sshCommand
2025-12-27T14:35:30.7399290Z [command]/usr/bin/git submodule foreach --recursive sh -c "git config --local --name-only --get-regexp 'core\.sshCommand' && git config --local --unset-all 'core.sshCommand' || :"
2025-12-27T14:35:30.7804891Z [command]/usr/bin/git config --local --name-only --get-regexp http\.https\:\/\/github\.com\/\.extraheader
2025-12-27T14:35:30.7824351Z http.https://github.com/.extraheader
2025-12-27T14:35:30.7842990Z [command]/usr/bin/git config --local --unset-all http.https://github.com/.extraheader
2025-12-27T14:35:30.7887011Z [command]/usr/bin/git submodule foreach --recursive sh -c "git config --local --name-only --get-regexp 'http\.https\:\/\/github\.com\/\.extraheader' && git config --local --unset-all 'http.https://github.com/.extraheader' || :"
2025-12-27T14:35:30.8226707Z [command]/usr/bin/git config --local --name-only --get-regexp ^includeIf\.gitdir:
2025-12-27T14:35:30.8282509Z [command]/usr/bin/git submodule foreach --recursive git config --local --show-origin --name-only --get-regexp remote.origin.url
2025-12-27T14:35:30.8741255Z Cleaning up orphan processes
